{"@timestamp":"2025-08-06T09:17:48.6281889-05:00","@version":"1","message":"HikariPool-1 - Thread starvation or clock leap detected (housekeeper delta=15h55m11s199ms729µs900ns).","logger_name":"com.zaxxer.hikari.pool.HikariPool","thread_name":"HikariPool-1 housekeeper","level":"WARN","level_value":30000}
{"@timestamp":"2025-08-06T09:17:52.3939727-05:00","@version":"1","message":"Resolving eureka endpoints via configuration","logger_name":"com.netflix.discovery.shared.resolver.aws.ConfigClusterResolver","thread_name":"AsyncResolver-bootstrap-executor-0","level":"INFO","level_value":20000}
{"@timestamp":"2025-08-06T09:22:52.4904787-05:00","@version":"1","message":"Resolving eureka endpoints via configuration","logger_name":"com.netflix.discovery.shared.resolver.aws.ConfigClusterResolver","thread_name":"AsyncResolver-bootstrap-executor-0","level":"INFO","level_value":20000}
{"@timestamp":"2025-08-06T09:27:52.9264594-05:00","@version":"1","message":"Resolving eureka endpoints via configuration","logger_name":"com.netflix.discovery.shared.resolver.aws.ConfigClusterResolver","thread_name":"AsyncResolver-bootstrap-executor-0","level":"INFO","level_value":20000}
{"@timestamp":"2025-08-06T09:32:52.9871008-05:00","@version":"1","message":"Resolving eureka endpoints via configuration","logger_name":"com.netflix.discovery.shared.resolver.aws.ConfigClusterResolver","thread_name":"AsyncResolver-bootstrap-executor-0","level":"INFO","level_value":20000}
{"@timestamp":"2025-08-06T09:37:53.0210417-05:00","@version":"1","message":"Resolving eureka endpoints via configuration","logger_name":"com.netflix.discovery.shared.resolver.aws.ConfigClusterResolver","thread_name":"AsyncResolver-bootstrap-executor-0","level":"INFO","level_value":20000}
{"@timestamp":"2025-08-06T09:42:53.0694186-05:00","@version":"1","message":"Resolving eureka endpoints via configuration","logger_name":"com.netflix.discovery.shared.resolver.aws.ConfigClusterResolver","thread_name":"AsyncResolver-bootstrap-executor-0","level":"INFO","level_value":20000}
{"@timestamp":"2025-08-06T09:47:54.0951835-05:00","@version":"1","message":"Resolving eureka endpoints via configuration","logger_name":"com.netflix.discovery.shared.resolver.aws.ConfigClusterResolver","thread_name":"AsyncResolver-bootstrap-executor-0","level":"INFO","level_value":20000}
{"@timestamp":"2025-08-06T09:52:54.631009-05:00","@version":"1","message":"Resolving eureka endpoints via configuration","logger_name":"com.netflix.discovery.shared.resolver.aws.ConfigClusterResolver","thread_name":"AsyncResolver-bootstrap-executor-0","level":"INFO","level_value":20000}
{"@timestamp":"2025-08-06T09:57:54.8625167-05:00","@version":"1","message":"Resolving eureka endpoints via configuration","logger_name":"com.netflix.discovery.shared.resolver.aws.ConfigClusterResolver","thread_name":"AsyncResolver-bootstrap-executor-0","level":"INFO","level_value":20000}
{"@timestamp":"2025-08-06T10:02:55.0896307-05:00","@version":"1","message":"Resolving eureka endpoints via configuration","logger_name":"com.netflix.discovery.shared.resolver.aws.ConfigClusterResolver","thread_name":"AsyncResolver-bootstrap-executor-0","level":"INFO","level_value":20000}
{"@timestamp":"2025-08-06T10:07:55.1332027-05:00","@version":"1","message":"Resolving eureka endpoints via configuration","logger_name":"com.netflix.discovery.shared.resolver.aws.ConfigClusterResolver","thread_name":"AsyncResolver-bootstrap-executor-0","level":"INFO","level_value":20000}
{"@timestamp":"2025-08-06T10:12:55.1646611-05:00","@version":"1","message":"Resolving eureka endpoints via configuration","logger_name":"com.netflix.discovery.shared.resolver.aws.ConfigClusterResolver","thread_name":"AsyncResolver-bootstrap-executor-0","level":"INFO","level_value":20000}
{"@timestamp":"2025-08-06T10:17:55.2542819-05:00","@version":"1","message":"Resolving eureka endpoints via configuration","logger_name":"com.netflix.discovery.shared.resolver.aws.ConfigClusterResolver","thread_name":"AsyncResolver-bootstrap-executor-0","level":"INFO","level_value":20000}
{"@timestamp":"2025-08-06T10:22:55.3074112-05:00","@version":"1","message":"Resolving eureka endpoints via configuration","logger_name":"com.netflix.discovery.shared.resolver.aws.ConfigClusterResolver","thread_name":"AsyncResolver-bootstrap-executor-0","level":"INFO","level_value":20000}
{"@timestamp":"2025-08-06T10:27:56.5902539-05:00","@version":"1","message":"Resolving eureka endpoints via configuration","logger_name":"com.netflix.discovery.shared.resolver.aws.ConfigClusterResolver","thread_name":"AsyncResolver-bootstrap-executor-0","level":"INFO","level_value":20000}
{"@timestamp":"2025-08-06T10:32:59.1675513-05:00","@version":"1","message":"Resolving eureka endpoints via configuration","logger_name":"com.netflix.discovery.shared.resolver.aws.ConfigClusterResolver","thread_name":"AsyncResolver-bootstrap-executor-0","level":"INFO","level_value":20000}
{"@timestamp":"2025-08-06T10:37:59.9629932-05:00","@version":"1","message":"Resolving eureka endpoints via configuration","logger_name":"com.netflix.discovery.shared.resolver.aws.ConfigClusterResolver","thread_name":"AsyncResolver-bootstrap-executor-0","level":"INFO","level_value":20000}
{"@timestamp":"2025-08-06T10:43:00.8457622-05:00","@version":"1","message":"Resolving eureka endpoints via configuration","logger_name":"com.netflix.discovery.shared.resolver.aws.ConfigClusterResolver","thread_name":"AsyncResolver-bootstrap-executor-0","level":"INFO","level_value":20000}
{"@timestamp":"2025-08-06T10:48:00.9382842-05:00","@version":"1","message":"Resolving eureka endpoints via configuration","logger_name":"com.netflix.discovery.shared.resolver.aws.ConfigClusterResolver","thread_name":"AsyncResolver-bootstrap-executor-0","level":"INFO","level_value":20000}
{"@timestamp":"2025-08-06T10:53:01.1101975-05:00","@version":"1","message":"Resolving eureka endpoints via configuration","logger_name":"com.netflix.discovery.shared.resolver.aws.ConfigClusterResolver","thread_name":"AsyncResolver-bootstrap-executor-0","level":"INFO","level_value":20000}
{"@timestamp":"2025-08-06T10:58:01.1771694-05:00","@version":"1","message":"Resolving eureka endpoints via configuration","logger_name":"com.netflix.discovery.shared.resolver.aws.ConfigClusterResolver","thread_name":"AsyncResolver-bootstrap-executor-0","level":"INFO","level_value":20000}
{"@timestamp":"2025-08-06T11:03:01.9224069-05:00","@version":"1","message":"Resolving eureka endpoints via configuration","logger_name":"com.netflix.discovery.shared.resolver.aws.ConfigClusterResolver","thread_name":"AsyncResolver-bootstrap-executor-0","level":"INFO","level_value":20000}
{"@timestamp":"2025-08-06T11:08:02.3136505-05:00","@version":"1","message":"Resolving eureka endpoints via configuration","logger_name":"com.netflix.discovery.shared.resolver.aws.ConfigClusterResolver","thread_name":"AsyncResolver-bootstrap-executor-0","level":"INFO","level_value":20000}
{"@timestamp":"2025-08-06T11:13:02.4460471-05:00","@version":"1","message":"Resolving eureka endpoints via configuration","logger_name":"com.netflix.discovery.shared.resolver.aws.ConfigClusterResolver","thread_name":"AsyncResolver-bootstrap-executor-0","level":"INFO","level_value":20000}
{"@timestamp":"2025-08-06T11:18:02.6058717-05:00","@version":"1","message":"Resolving eureka endpoints via configuration","logger_name":"com.netflix.discovery.shared.resolver.aws.ConfigClusterResolver","thread_name":"AsyncResolver-bootstrap-executor-0","level":"INFO","level_value":20000}
{"@timestamp":"2025-08-06T11:23:02.6611211-05:00","@version":"1","message":"Resolving eureka endpoints via configuration","logger_name":"com.netflix.discovery.shared.resolver.aws.ConfigClusterResolver","thread_name":"AsyncResolver-bootstrap-executor-0","level":"INFO","level_value":20000}
{"@timestamp":"2025-08-06T11:28:04.0449275-05:00","@version":"1","message":"Resolving eureka endpoints via configuration","logger_name":"com.netflix.discovery.shared.resolver.aws.ConfigClusterResolver","thread_name":"AsyncResolver-bootstrap-executor-0","level":"INFO","level_value":20000}
{"@timestamp":"2025-08-06T11:29:34.709734-05:00","@version":"1","message":"Unregistering application ITEM-SERVICE with eureka with status DOWN","logger_name":"org.springframework.cloud.netflix.eureka.serviceregistry.EurekaServiceRegistry","thread_name":"SpringApplicationShutdownHook","level":"INFO","level_value":20000}
{"@timestamp":"2025-08-06T11:29:34.7318021-05:00","@version":"1","message":"Saw local status change event StatusChangeEvent [timestamp=1754497774730, current=DOWN, previous=UP]","logger_name":"com.netflix.discovery.DiscoveryClient","thread_name":"SpringApplicationShutdownHook","level":"INFO","level_value":20000}
{"@timestamp":"2025-08-06T11:29:34.7374135-05:00","@version":"1","message":"DiscoveryClient_ITEM-SERVICE/172.19.147.79:item-service:8082: registering service...","logger_name":"com.netflix.discovery.DiscoveryClient","thread_name":"DiscoveryClient-InstanceInfoReplicator-0","level":"INFO","level_value":20000}
{"@timestamp":"2025-08-06T11:29:35.0919628-05:00","@version":"1","message":"DiscoveryClient_ITEM-SERVICE/172.19.147.79:item-service:8082 - registration status: 204","logger_name":"com.netflix.discovery.DiscoveryClient","thread_name":"DiscoveryClient-InstanceInfoReplicator-0","level":"INFO","level_value":20000}
{"@timestamp":"2025-08-06T11:29:35.7648094-05:00","@version":"1","message":"Closing JPA EntityManagerFactory for persistence unit 'default'","logger_name":"org.springframework.orm.jpa.LocalContainerEntityManagerFactoryBean","thread_name":"SpringApplicationShutdownHook","level":"INFO","level_value":20000}
{"@timestamp":"2025-08-06T11:29:35.9829243-05:00","@version":"1","message":"HikariPool-1 - Shutdown initiated...","logger_name":"com.zaxxer.hikari.HikariDataSource","thread_name":"SpringApplicationShutdownHook","level":"INFO","level_value":20000}
{"@timestamp":"2025-08-06T11:29:36.0442377-05:00","@version":"1","message":"HikariPool-1 - Shutdown completed.","logger_name":"com.zaxxer.hikari.HikariDataSource","thread_name":"SpringApplicationShutdownHook","level":"INFO","level_value":20000}
{"@timestamp":"2025-08-06T11:29:37.0543294-05:00","@version":"1","message":"Shutting down DiscoveryClient ...","logger_name":"com.netflix.discovery.DiscoveryClient","thread_name":"SpringApplicationShutdownHook","level":"INFO","level_value":20000}
{"@timestamp":"2025-08-06T11:29:40.0866751-05:00","@version":"1","message":"Unregistering ...","logger_name":"com.netflix.discovery.DiscoveryClient","thread_name":"SpringApplicationShutdownHook","level":"INFO","level_value":20000}
{"@timestamp":"2025-08-06T11:29:40.1764493-05:00","@version":"1","message":"DiscoveryClient_ITEM-SERVICE/172.19.147.79:item-service:8082 - deregister  status: 200","logger_name":"com.netflix.discovery.DiscoveryClient","thread_name":"SpringApplicationShutdownHook","level":"INFO","level_value":20000}
{"@timestamp":"2025-08-06T11:29:40.2557502-05:00","@version":"1","message":"Completed shut down of DiscoveryClient","logger_name":"com.netflix.discovery.DiscoveryClient","thread_name":"SpringApplicationShutdownHook","level":"INFO","level_value":20000}
