2025-08-04 14:18:22 INFO  c.v.i.service.ItemServiceApplication - Starting ItemServiceApplication using Java 17.0.15 with PID 21536 (C:\Users\amath\Downloads\item-service\item-service\target\classes started by amath in C:\Users\amath\Downloads\item-service)
2025-08-04 14:18:22 INFO  c.v.i.service.ItemServiceApplication - No active profile set, falling back to 1 default profile: "default"
2025-08-04 14:18:22 INFO  o.s.b.d.e.DevToolsPropertyDefaultsPostProcessor - Devtools property defaults active! Set 'spring.devtools.add-properties' to 'false' to disable
2025-08-04 14:18:22 INFO  o.s.b.d.e.DevToolsPropertyDefaultsPostProcessor - For additional web related logging consider setting the 'logging.level.web' property to 'DEBUG'
2025-08-04 14:18:23 INFO  o.s.d.r.c.RepositoryConfigurationDelegate - Bootstrapping Spring Data JPA repositories in DEFAULT mode.
2025-08-04 14:18:23 INFO  o.s.d.r.c.RepositoryConfigurationDelegate - Finished Spring Data repository scanning in 164 ms. Found 1 JPA repository interface.
2025-08-04 14:18:24 INFO  o.s.cloud.context.scope.GenericScope - BeanFactory id=5c1ae832-0666-3796-9d79-2908e05c009d
2025-08-04 14:18:25 INFO  o.s.b.w.e.tomcat.TomcatWebServer - Tomcat initialized with port(s): 8082 (http)
2025-08-04 14:18:25 INFO  o.a.coyote.http11.Http11NioProtocol - Initializing ProtocolHandler ["http-nio-8082"]
2025-08-04 14:18:25 INFO  o.a.catalina.core.StandardService - Starting service [Tomcat]
2025-08-04 14:18:25 INFO  o.a.catalina.core.StandardEngine - Starting Servlet engine: [Apache Tomcat/10.1.18]
2025-08-04 14:18:25 INFO  o.a.c.c.C.[Tomcat].[localhost].[/] - Initializing Spring embedded WebApplicationContext
2025-08-04 14:18:25 INFO  o.s.b.w.s.c.ServletWebServerApplicationContext - Root WebApplicationContext: initialization completed in 3172 ms
2025-08-04 14:18:25 INFO  com.zaxxer.hikari.HikariDataSource - HikariPool-1 - Starting...
2025-08-04 14:18:26 INFO  com.zaxxer.hikari.pool.HikariPool - HikariPool-1 - Added connection conn0: url=jdbc:h2:file:~/itemdb user=SA
2025-08-04 14:18:26 INFO  com.zaxxer.hikari.HikariDataSource - HikariPool-1 - Start completed.
2025-08-04 14:18:26 INFO  o.s.b.a.h.H2ConsoleAutoConfiguration - H2 console available at '/h2-console'. Database available at 'jdbc:h2:file:~/itemdb'
2025-08-04 14:18:26 INFO  o.h.jpa.internal.util.LogHelper - HHH000204: Processing PersistenceUnitInfo [name: default]
2025-08-04 14:18:27 INFO  org.hibernate.Version - HHH000412: Hibernate ORM core version 6.2.20.Final
2025-08-04 14:18:27 INFO  org.hibernate.cfg.Environment - HHH000406: Using bytecode reflection optimizer
2025-08-04 14:18:27 INFO  o.s.o.j.p.SpringPersistenceUnitInfo - No LoadTimeWeaver setup: ignoring JPA class transformer
2025-08-04 14:18:27 WARN  org.hibernate.orm.deprecation - HHH90000025: H2Dialect does not need to be specified explicitly using 'hibernate.dialect' (remove the property setting and it will be selected by default)
2025-08-04 14:18:28 INFO  o.h.e.t.j.p.i.JtaPlatformInitiator - HHH000489: No JTA platform available (set 'hibernate.transaction.jta.platform' to enable JTA platform integration)
2025-08-04 14:18:28 INFO  o.s.o.j.LocalContainerEntityManagerFactoryBean - Initialized JPA EntityManagerFactory for persistence unit 'default'
2025-08-04 14:18:28 WARN  o.s.b.a.o.j.JpaBaseConfiguration$JpaWebConfiguration - spring.jpa.open-in-view is enabled by default. Therefore, database queries may be performed during view rendering. Explicitly configure spring.jpa.open-in-view to disable this warning
2025-08-04 14:18:29 INFO  o.s.b.a.e.web.EndpointLinksResolver - Exposing 16 endpoint(s) beneath base path '/actuator'
2025-08-04 14:18:29 INFO  o.s.s.web.DefaultSecurityFilterChain - Will secure any request with [org.springframework.security.web.session.DisableEncodeUrlFilter@151154f6, org.springframework.security.web.context.request.async.WebAsyncManagerIntegrationFilter@28f869e7, org.springframework.security.web.context.SecurityContextHolderFilter@4ef57563, org.springframework.security.web.header.HeaderWriterFilter@7ca93249, org.springframework.web.filter.CorsFilter@3252e71c, org.springframework.security.web.csrf.CsrfFilter@4aeb21a7, org.springframework.security.web.authentication.logout.LogoutFilter@7810b31f, org.springframework.security.web.authentication.UsernamePasswordAuthenticationFilter@33c1dba6, org.springframework.security.web.authentication.ui.DefaultLoginPageGeneratingFilter@b8cf3d1, org.springframework.security.web.authentication.ui.DefaultLogoutPageGeneratingFilter@43bea24b, org.springframework.security.web.authentication.www.BasicAuthenticationFilter@6c8a3bc8, org.springframework.security.web.savedrequest.RequestCacheAwareFilter@2d4314f0, org.springframework.security.web.servletapi.SecurityContextHolderAwareRequestFilter@145467a9, org.springframework.security.web.authentication.AnonymousAuthenticationFilter@5c17e82e, org.springframework.security.web.access.ExceptionTranslationFilter@6ec4d0c7, org.springframework.security.web.access.intercept.AuthorizationFilter@cf947a9]
2025-08-04 14:18:30 INFO  o.s.b.d.a.OptionalLiveReloadServer - LiveReload server is running on port 35729
2025-08-04 14:18:30 INFO  o.s.c.n.e.c.DiscoveryClientOptionalArgsConfiguration - Eureka HTTP Client uses RestTemplate.
2025-08-04 14:18:30 WARN  o.s.c.l.c.LoadBalancerCacheAutoConfiguration$LoadBalancerCaffeineWarnLogger - Spring Cloud LoadBalancer is currently working with the default cache. While this cache implementation is useful for development and tests, it's recommended to use Caffeine cache in production.You can switch to using Caffeine cache, by adding it and org.springframework.cache.caffeine.CaffeineCacheManager to the classpath.
2025-08-04 14:18:30 INFO  o.s.c.n.eureka.InstanceInfoFactory - Setting initial instance status as: STARTING
2025-08-04 14:18:30 INFO  c.netflix.discovery.DiscoveryClient - Initializing Eureka in region us-east-1
2025-08-04 14:18:30 INFO  c.n.d.s.r.aws.ConfigClusterResolver - Resolving eureka endpoints via configuration
2025-08-04 14:18:30 INFO  c.netflix.discovery.DiscoveryClient - Disable delta property : false
2025-08-04 14:18:30 INFO  c.netflix.discovery.DiscoveryClient - Single vip registry refresh property : null
2025-08-04 14:18:30 INFO  c.netflix.discovery.DiscoveryClient - Force full registry fetch : false
2025-08-04 14:18:30 INFO  c.netflix.discovery.DiscoveryClient - Application is null : false
2025-08-04 14:18:30 INFO  c.netflix.discovery.DiscoveryClient - Registered Applications size is zero : true
2025-08-04 14:18:30 INFO  c.netflix.discovery.DiscoveryClient - Application version is -1: true
2025-08-04 14:18:30 INFO  c.netflix.discovery.DiscoveryClient - Getting all instance registry info from the eureka server
2025-08-04 14:18:30 INFO  c.netflix.discovery.DiscoveryClient - The response status is 200
2025-08-04 14:18:30 INFO  c.netflix.discovery.DiscoveryClient - Starting heartbeat executor: renew interval is: 30
2025-08-04 14:18:30 INFO  c.n.discovery.InstanceInfoReplicator - InstanceInfoReplicator onDemand update allowed rate per min is 4
2025-08-04 14:18:30 INFO  c.netflix.discovery.DiscoveryClient - Discovery Client initialized at timestamp 1754335110658 with initial instances count: 2
2025-08-04 14:18:30 INFO  o.s.c.n.e.s.EurekaServiceRegistry - Registering application ITEM-SERVICE with eureka with status UP
2025-08-04 14:18:30 INFO  c.netflix.discovery.DiscoveryClient - Saw local status change event StatusChangeEvent [timestamp=1754335110665, current=UP, previous=STARTING]
2025-08-04 14:18:30 INFO  c.netflix.discovery.DiscoveryClient - DiscoveryClient_ITEM-SERVICE/host.docker.internal:item-service:8082: registering service...
2025-08-04 14:18:30 INFO  o.a.coyote.http11.Http11NioProtocol - Starting ProtocolHandler ["http-nio-8082"]
2025-08-04 14:18:30 INFO  o.s.b.w.e.tomcat.TomcatWebServer - Tomcat started on port(s): 8082 (http) with context path ''
2025-08-04 14:18:30 INFO  o.s.c.n.e.s.EurekaAutoServiceRegistration - Updating port to 8082
2025-08-04 14:18:30 INFO  c.netflix.discovery.DiscoveryClient - DiscoveryClient_ITEM-SERVICE/host.docker.internal:item-service:8082 - registration status: 204
2025-08-04 14:18:30 INFO  c.v.i.service.ItemServiceApplication - Started ItemServiceApplication in 10.436 seconds (process running for 11.346)
2025-08-04 14:23:30 INFO  c.n.d.s.r.aws.ConfigClusterResolver - Resolving eureka endpoints via configuration
2025-08-04 14:28:30 INFO  c.n.d.s.r.aws.ConfigClusterResolver - Resolving eureka endpoints via configuration
2025-08-04 14:33:30 INFO  c.n.d.s.r.aws.ConfigClusterResolver - Resolving eureka endpoints via configuration
2025-08-04 14:38:30 INFO  c.n.d.s.r.aws.ConfigClusterResolver - Resolving eureka endpoints via configuration
2025-08-04 14:43:30 INFO  c.n.d.s.r.aws.ConfigClusterResolver - Resolving eureka endpoints via configuration
2025-08-04 14:48:30 INFO  c.n.d.s.r.aws.ConfigClusterResolver - Resolving eureka endpoints via configuration
2025-08-04 14:53:30 INFO  c.n.d.s.r.aws.ConfigClusterResolver - Resolving eureka endpoints via configuration
2025-08-04 14:58:30 INFO  c.n.d.s.r.aws.ConfigClusterResolver - Resolving eureka endpoints via configuration
2025-08-04 15:03:31 INFO  c.n.d.s.r.aws.ConfigClusterResolver - Resolving eureka endpoints via configuration
2025-08-04 15:08:31 INFO  c.n.d.s.r.aws.ConfigClusterResolver - Resolving eureka endpoints via configuration
2025-08-04 15:13:31 INFO  c.n.d.s.r.aws.ConfigClusterResolver - Resolving eureka endpoints via configuration
2025-08-04 15:18:31 INFO  c.n.d.s.r.aws.ConfigClusterResolver - Resolving eureka endpoints via configuration
2025-08-04 15:23:31 INFO  c.n.d.s.r.aws.ConfigClusterResolver - Resolving eureka endpoints via configuration
2025-08-04 15:28:31 INFO  c.n.d.s.r.aws.ConfigClusterResolver - Resolving eureka endpoints via configuration
2025-08-04 15:33:31 INFO  c.n.d.s.r.aws.ConfigClusterResolver - Resolving eureka endpoints via configuration
2025-08-04 15:38:31 INFO  c.n.d.s.r.aws.ConfigClusterResolver - Resolving eureka endpoints via configuration
2025-08-04 15:43:31 INFO  c.n.d.s.r.aws.ConfigClusterResolver - Resolving eureka endpoints via configuration
2025-08-04 15:48:31 INFO  c.n.d.s.r.aws.ConfigClusterResolver - Resolving eureka endpoints via configuration
2025-08-04 15:49:53 INFO  o.s.c.n.e.s.EurekaServiceRegistry - Unregistering application ITEM-SERVICE with eureka with status DOWN
2025-08-04 15:49:53 INFO  c.netflix.discovery.DiscoveryClient - Saw local status change event StatusChangeEvent [timestamp=1754340593275, current=DOWN, previous=UP]
2025-08-04 15:49:53 INFO  c.netflix.discovery.DiscoveryClient - DiscoveryClient_ITEM-SERVICE/host.docker.internal:item-service:8082: registering service...
2025-08-04 15:49:53 INFO  c.netflix.discovery.DiscoveryClient - DiscoveryClient_ITEM-SERVICE/host.docker.internal:item-service:8082 - registration status: 204
2025-08-04 15:49:54 INFO  o.s.o.j.LocalContainerEntityManagerFactoryBean - Closing JPA EntityManagerFactory for persistence unit 'default'
2025-08-04 15:49:54 INFO  com.zaxxer.hikari.HikariDataSource - HikariPool-1 - Shutdown initiated...
2025-08-04 15:49:54 INFO  com.zaxxer.hikari.HikariDataSource - HikariPool-1 - Shutdown completed.
2025-08-04 15:49:56 INFO  c.netflix.discovery.DiscoveryClient - Shutting down DiscoveryClient ...
2025-08-04 15:49:59 INFO  c.netflix.discovery.DiscoveryClient - Unregistering ...
2025-08-04 15:49:59 INFO  c.netflix.discovery.DiscoveryClient - DiscoveryClient_ITEM-SERVICE/host.docker.internal:item-service:8082 - deregister  status: 200
2025-08-04 15:49:59 INFO  c.netflix.discovery.DiscoveryClient - Completed shut down of DiscoveryClient
2025-08-04 15:50:05 INFO  c.v.i.service.ItemServiceApplication - Starting ItemServiceApplication using Java 17.0.15 with PID 18088 (C:\Users\amath\Downloads\item-service\item-service\target\classes started by amath in C:\Users\amath\Downloads\item-service)
2025-08-04 15:50:05 INFO  c.v.i.service.ItemServiceApplication - No active profile set, falling back to 1 default profile: "default"
2025-08-04 15:50:05 INFO  o.s.b.d.e.DevToolsPropertyDefaultsPostProcessor - Devtools property defaults active! Set 'spring.devtools.add-properties' to 'false' to disable
2025-08-04 15:50:05 INFO  o.s.b.d.e.DevToolsPropertyDefaultsPostProcessor - For additional web related logging consider setting the 'logging.level.web' property to 'DEBUG'
2025-08-04 15:50:07 INFO  o.s.d.r.c.RepositoryConfigurationDelegate - Bootstrapping Spring Data JPA repositories in DEFAULT mode.
2025-08-04 15:50:08 INFO  o.s.d.r.c.RepositoryConfigurationDelegate - Finished Spring Data repository scanning in 563 ms. Found 1 JPA repository interface.
2025-08-04 15:50:09 INFO  o.s.cloud.context.scope.GenericScope - BeanFactory id=5c1ae832-0666-3796-9d79-2908e05c009d
2025-08-04 15:50:11 INFO  o.s.b.w.e.tomcat.TomcatWebServer - Tomcat initialized with port(s): 8082 (http)
2025-08-04 15:50:11 INFO  o.a.coyote.http11.Http11NioProtocol - Initializing ProtocolHandler ["http-nio-8082"]
2025-08-04 15:50:11 INFO  o.a.catalina.core.StandardService - Starting service [Tomcat]
2025-08-04 15:50:11 INFO  o.a.catalina.core.StandardEngine - Starting Servlet engine: [Apache Tomcat/10.1.18]
2025-08-04 15:50:12 INFO  o.a.c.c.C.[Tomcat].[localhost].[/] - Initializing Spring embedded WebApplicationContext
2025-08-04 15:50:12 INFO  o.s.b.w.s.c.ServletWebServerApplicationContext - Root WebApplicationContext: initialization completed in 6255 ms
2025-08-04 15:50:12 INFO  com.zaxxer.hikari.HikariDataSource - HikariPool-1 - Starting...
2025-08-04 15:50:13 INFO  com.zaxxer.hikari.pool.HikariPool - HikariPool-1 - Added connection conn0: url=jdbc:h2:file:~/itemdb user=SA
2025-08-04 15:50:13 INFO  com.zaxxer.hikari.HikariDataSource - HikariPool-1 - Start completed.
2025-08-04 15:50:13 INFO  o.s.b.a.h.H2ConsoleAutoConfiguration - H2 console available at '/h2-console'. Database available at 'jdbc:h2:file:~/itemdb'
2025-08-04 15:50:13 INFO  o.h.jpa.internal.util.LogHelper - HHH000204: Processing PersistenceUnitInfo [name: default]
2025-08-04 15:50:13 INFO  org.hibernate.Version - HHH000412: Hibernate ORM core version 6.2.20.Final
2025-08-04 15:50:13 INFO  org.hibernate.cfg.Environment - HHH000406: Using bytecode reflection optimizer
2025-08-04 15:50:14 INFO  o.s.o.j.p.SpringPersistenceUnitInfo - No LoadTimeWeaver setup: ignoring JPA class transformer
2025-08-04 15:50:14 WARN  org.hibernate.orm.deprecation - HHH90000025: H2Dialect does not need to be specified explicitly using 'hibernate.dialect' (remove the property setting and it will be selected by default)
2025-08-04 15:50:15 INFO  o.h.e.t.j.p.i.JtaPlatformInitiator - HHH000489: No JTA platform available (set 'hibernate.transaction.jta.platform' to enable JTA platform integration)
2025-08-04 15:50:15 INFO  o.s.o.j.LocalContainerEntityManagerFactoryBean - Initialized JPA EntityManagerFactory for persistence unit 'default'
2025-08-04 15:50:15 WARN  o.s.b.a.o.j.JpaBaseConfiguration$JpaWebConfiguration - spring.jpa.open-in-view is enabled by default. Therefore, database queries may be performed during view rendering. Explicitly configure spring.jpa.open-in-view to disable this warning
2025-08-04 15:50:17 INFO  o.s.b.a.e.web.EndpointLinksResolver - Exposing 16 endpoint(s) beneath base path '/actuator'
2025-08-04 15:50:17 INFO  o.s.s.web.DefaultSecurityFilterChain - Will secure any request with [org.springframework.security.web.session.DisableEncodeUrlFilter@43bea24b, org.springframework.security.web.context.request.async.WebAsyncManagerIntegrationFilter@5c17e82e, org.springframework.security.web.context.SecurityContextHolderFilter@660b7687, org.springframework.security.web.header.HeaderWriterFilter@4ef57563, org.springframework.web.filter.CorsFilter@374b151a, org.springframework.security.web.csrf.CsrfFilter@d9525d8, org.springframework.security.web.authentication.logout.LogoutFilter@2ec6f12c, org.springframework.security.web.authentication.UsernamePasswordAuthenticationFilter@33c2ccf1, org.springframework.security.web.authentication.ui.DefaultLoginPageGeneratingFilter@9fc2a1b, org.springframework.security.web.authentication.ui.DefaultLogoutPageGeneratingFilter@12047ee8, org.springframework.security.web.authentication.www.BasicAuthenticationFilter@151154f6, org.springframework.security.web.savedrequest.RequestCacheAwareFilter@218503fd, org.springframework.security.web.servletapi.SecurityContextHolderAwareRequestFilter@213e9682, org.springframework.security.web.authentication.AnonymousAuthenticationFilter@249e2a19, org.springframework.security.web.access.ExceptionTranslationFilter@36ec1049, org.springframework.security.web.access.intercept.AuthorizationFilter@2caee6f0]
2025-08-04 15:50:17 INFO  o.s.b.d.a.OptionalLiveReloadServer - LiveReload server is running on port 35729
2025-08-04 15:50:17 INFO  o.s.c.n.e.c.DiscoveryClientOptionalArgsConfiguration - Eureka HTTP Client uses RestTemplate.
2025-08-04 15:50:17 WARN  o.s.c.l.c.LoadBalancerCacheAutoConfiguration$LoadBalancerCaffeineWarnLogger - Spring Cloud LoadBalancer is currently working with the default cache. While this cache implementation is useful for development and tests, it's recommended to use Caffeine cache in production.You can switch to using Caffeine cache, by adding it and org.springframework.cache.caffeine.CaffeineCacheManager to the classpath.
2025-08-04 15:50:17 INFO  o.s.c.n.eureka.InstanceInfoFactory - Setting initial instance status as: STARTING
2025-08-04 15:50:17 INFO  c.netflix.discovery.DiscoveryClient - Initializing Eureka in region us-east-1
2025-08-04 15:50:17 INFO  c.n.d.s.r.aws.ConfigClusterResolver - Resolving eureka endpoints via configuration
2025-08-04 15:50:17 INFO  c.netflix.discovery.DiscoveryClient - Disable delta property : false
2025-08-04 15:50:17 INFO  c.netflix.discovery.DiscoveryClient - Single vip registry refresh property : null
2025-08-04 15:50:17 INFO  c.netflix.discovery.DiscoveryClient - Force full registry fetch : false
2025-08-04 15:50:17 INFO  c.netflix.discovery.DiscoveryClient - Application is null : false
2025-08-04 15:50:17 INFO  c.netflix.discovery.DiscoveryClient - Registered Applications size is zero : true
2025-08-04 15:50:17 INFO  c.netflix.discovery.DiscoveryClient - Application version is -1: true
2025-08-04 15:50:17 INFO  c.netflix.discovery.DiscoveryClient - Getting all instance registry info from the eureka server
2025-08-04 15:50:18 INFO  c.netflix.discovery.DiscoveryClient - The response status is 200
2025-08-04 15:50:18 INFO  c.netflix.discovery.DiscoveryClient - Starting heartbeat executor: renew interval is: 30
2025-08-04 15:50:18 INFO  c.n.discovery.InstanceInfoReplicator - InstanceInfoReplicator onDemand update allowed rate per min is 4
2025-08-04 15:50:18 INFO  c.netflix.discovery.DiscoveryClient - Discovery Client initialized at timestamp 1754340618281 with initial instances count: 3
2025-08-04 15:50:18 INFO  o.s.c.n.e.s.EurekaServiceRegistry - Registering application ITEM-SERVICE with eureka with status UP
2025-08-04 15:50:18 INFO  c.netflix.discovery.DiscoveryClient - Saw local status change event StatusChangeEvent [timestamp=1754340618286, current=UP, previous=STARTING]
2025-08-04 15:50:18 INFO  c.netflix.discovery.DiscoveryClient - DiscoveryClient_ITEM-SERVICE/host.docker.internal:item-service:8082: registering service...
2025-08-04 15:50:18 INFO  o.a.coyote.http11.Http11NioProtocol - Starting ProtocolHandler ["http-nio-8082"]
2025-08-04 15:50:18 INFO  o.s.b.w.e.tomcat.TomcatWebServer - Tomcat started on port(s): 8082 (http) with context path ''
2025-08-04 15:50:18 INFO  o.s.c.n.e.s.EurekaAutoServiceRegistration - Updating port to 8082
2025-08-04 15:50:18 INFO  c.netflix.discovery.DiscoveryClient - DiscoveryClient_ITEM-SERVICE/host.docker.internal:item-service:8082 - registration status: 204
2025-08-04 15:50:18 INFO  c.v.i.service.ItemServiceApplication - Started ItemServiceApplication in 13.971 seconds (process running for 15.327)
2025-08-04 15:50:44 INFO  o.a.c.c.C.[Tomcat].[localhost].[/] - Initializing Spring DispatcherServlet 'dispatcherServlet'
2025-08-04 15:50:44 INFO  o.s.web.servlet.DispatcherServlet - Initializing Servlet 'dispatcherServlet'
2025-08-04 15:50:44 INFO  o.s.web.servlet.DispatcherServlet - Completed initialization in 1 ms
2025-08-04 15:50:45 WARN  z.r.AsyncReporter$BoundedAsyncReporter - Spans were dropped due to exceptions. All subsequent errors will be logged at FINE level.
2025-08-04 15:50:45 WARN  z.r.AsyncReporter$BoundedAsyncReporter - Dropped 6 spans due to ResourceAccessException(I/O error on POST request for "http://localhost:9411/api/v2/spans": Connect to http://localhost:9411 [localhost/127.0.0.1, localhost/0:0:0:0:0:0:0:1] failed: Connection refused: getsockopt)
org.springframework.web.client.ResourceAccessException: I/O error on POST request for "http://localhost:9411/api/v2/spans": Connect to http://localhost:9411 [localhost/127.0.0.1, localhost/0:0:0:0:0:0:0:1] failed: Connection refused: getsockopt
	at org.springframework.web.client.RestTemplate.createResourceAccessException(RestTemplate.java:888)
	at org.springframework.web.client.RestTemplate.doExecute(RestTemplate.java:868)
	at org.springframework.web.client.RestTemplate.execute(RestTemplate.java:764)
	at org.springframework.web.client.RestTemplate.exchange(RestTemplate.java:646)
	at org.springframework.boot.actuate.autoconfigure.tracing.zipkin.ZipkinRestTemplateSender$RestTemplateHttpPostCall.doExecute(ZipkinRestTemplateSender.java:68)
	at org.springframework.boot.actuate.autoconfigure.tracing.zipkin.ZipkinRestTemplateSender$RestTemplateHttpPostCall.doExecute(ZipkinRestTemplateSender.java:48)
	at zipkin2.Call$Base.execute(Call.java:391)
	at zipkin2.reporter.AsyncReporter$BoundedAsyncReporter.flush(AsyncReporter.java:299)
	at zipkin2.reporter.AsyncReporter$Flusher.run(AsyncReporter.java:378)
	at java.base/java.lang.Thread.run(Thread.java:840)
Caused by: org.apache.hc.client5.http.HttpHostConnectException: Connect to http://localhost:9411 [localhost/127.0.0.1, localhost/0:0:0:0:0:0:0:1] failed: Connection refused: getsockopt
	at java.base/sun.nio.ch.Net.pollConnect(Native Method)
	at java.base/sun.nio.ch.Net.pollConnectNow(Net.java:672)
	at java.base/sun.nio.ch.NioSocketImpl.timedFinishConnect(NioSocketImpl.java:547)
	at java.base/sun.nio.ch.NioSocketImpl.connect(NioSocketImpl.java:602)
	at java.base/java.net.SocksSocketImpl.connect(SocksSocketImpl.java:327)
	at java.base/java.net.Socket.connect(Socket.java:633)
	at org.apache.hc.client5.http.socket.PlainConnectionSocketFactory.lambda$connectSocket$0(PlainConnectionSocketFactory.java:91)
	at java.base/java.security.AccessController.doPrivileged(AccessController.java:569)
	at org.apache.hc.client5.http.socket.PlainConnectionSocketFactory.connectSocket(PlainConnectionSocketFactory.java:90)
	at org.apache.hc.client5.http.socket.ConnectionSocketFactory.connectSocket(ConnectionSocketFactory.java:123)
	at org.apache.hc.client5.http.impl.io.DefaultHttpClientConnectionOperator.connect(DefaultHttpClientConnectionOperator.java:184)
	at org.apache.hc.client5.http.impl.io.PoolingHttpClientConnectionManager.connect(PoolingHttpClientConnectionManager.java:447)
	at org.apache.hc.client5.http.impl.classic.InternalExecRuntime.connectEndpoint(InternalExecRuntime.java:162)
	at org.apache.hc.client5.http.impl.classic.InternalExecRuntime.connectEndpoint(InternalExecRuntime.java:172)
	at org.apache.hc.client5.http.impl.classic.ConnectExec.execute(ConnectExec.java:142)
	at org.apache.hc.client5.http.impl.classic.ExecChainElement.execute(ExecChainElement.java:51)
	at org.apache.hc.client5.http.impl.classic.ProtocolExec.execute(ProtocolExec.java:192)
	at org.apache.hc.client5.http.impl.classic.ExecChainElement.execute(ExecChainElement.java:51)
	at org.apache.hc.client5.http.impl.classic.HttpRequestRetryExec.execute(HttpRequestRetryExec.java:96)
	at org.apache.hc.client5.http.impl.classic.ExecChainElement.execute(ExecChainElement.java:51)
	at org.apache.hc.client5.http.impl.classic.ContentCompressionExec.execute(ContentCompressionExec.java:152)
	at org.apache.hc.client5.http.impl.classic.ExecChainElement.execute(ExecChainElement.java:51)
	at org.apache.hc.client5.http.impl.classic.RedirectExec.execute(RedirectExec.java:115)
	at org.apache.hc.client5.http.impl.classic.ExecChainElement.execute(ExecChainElement.java:51)
	at org.apache.hc.client5.http.impl.classic.InternalHttpClient.doExecute(InternalHttpClient.java:170)
	at org.apache.hc.client5.http.impl.classic.CloseableHttpClient.execute(CloseableHttpClient.java:106)
	at org.apache.hc.client5.http.impl.classic.CloseableHttpClient.execute(CloseableHttpClient.java:55)
	at org.springframework.http.client.HttpComponentsClientHttpRequest.executeInternal(HttpComponentsClientHttpRequest.java:93)
	at org.springframework.http.client.AbstractBufferingClientHttpRequest.executeInternal(AbstractBufferingClientHttpRequest.java:48)
	at org.springframework.http.client.AbstractClientHttpRequest.execute(AbstractClientHttpRequest.java:66)
	at org.springframework.web.client.RestTemplate.doExecute(RestTemplate.java:862)
	... 8 common frames omitted
2025-08-04 15:52:16 INFO  o.s.c.n.e.s.EurekaServiceRegistry - Unregistering application ITEM-SERVICE with eureka with status DOWN
2025-08-04 15:52:16 INFO  c.netflix.discovery.DiscoveryClient - Saw local status change event StatusChangeEvent [timestamp=1754340736450, current=DOWN, previous=UP]
2025-08-04 15:52:16 INFO  c.netflix.discovery.DiscoveryClient - DiscoveryClient_ITEM-SERVICE/host.docker.internal:item-service:8082: registering service...
2025-08-04 15:52:16 INFO  c.netflix.discovery.DiscoveryClient - DiscoveryClient_ITEM-SERVICE/host.docker.internal:item-service:8082 - registration status: 204
2025-08-04 15:52:16 INFO  o.s.o.j.LocalContainerEntityManagerFactoryBean - Closing JPA EntityManagerFactory for persistence unit 'default'
2025-08-04 15:52:16 INFO  com.zaxxer.hikari.HikariDataSource - HikariPool-1 - Shutdown initiated...
2025-08-04 15:52:16 INFO  com.zaxxer.hikari.HikariDataSource - HikariPool-1 - Shutdown completed.
2025-08-04 15:52:16 INFO  c.netflix.discovery.DiscoveryClient - Shutting down DiscoveryClient ...
2025-08-04 15:52:19 WARN  c.n.discovery.TimedSupervisorTask - task supervisor shutting down, can't accept the task
2025-08-04 15:52:19 INFO  c.netflix.discovery.DiscoveryClient - Unregistering ...
2025-08-04 15:52:19 INFO  c.netflix.discovery.DiscoveryClient - DiscoveryClient_ITEM-SERVICE/host.docker.internal:item-service:8082 - deregister  status: 200
2025-08-04 15:52:19 INFO  c.netflix.discovery.DiscoveryClient - Completed shut down of DiscoveryClient
2025-08-04 15:52:27 INFO  c.v.i.service.ItemServiceApplication - Starting ItemServiceApplication using Java 17.0.15 with PID 19036 (C:\Users\amath\Downloads\item-service\item-service\target\classes started by amath in C:\Users\amath\Downloads\item-service)
2025-08-04 15:52:28 INFO  c.v.i.service.ItemServiceApplication - No active profile set, falling back to 1 default profile: "default"
2025-08-04 15:52:28 INFO  o.s.b.d.e.DevToolsPropertyDefaultsPostProcessor - Devtools property defaults active! Set 'spring.devtools.add-properties' to 'false' to disable
2025-08-04 15:52:28 INFO  o.s.b.d.e.DevToolsPropertyDefaultsPostProcessor - For additional web related logging consider setting the 'logging.level.web' property to 'DEBUG'
2025-08-04 15:52:29 INFO  o.s.d.r.c.RepositoryConfigurationDelegate - Bootstrapping Spring Data JPA repositories in DEFAULT mode.
2025-08-04 15:52:30 INFO  o.s.d.r.c.RepositoryConfigurationDelegate - Finished Spring Data repository scanning in 293 ms. Found 1 JPA repository interface.
2025-08-04 15:52:30 INFO  o.s.cloud.context.scope.GenericScope - BeanFactory id=009b98e2-368a-3e1e-adc4-7d49fa08655b
2025-08-04 15:52:32 INFO  o.s.b.w.e.tomcat.TomcatWebServer - Tomcat initialized with port(s): 8082 (http)
2025-08-04 15:52:32 INFO  o.a.coyote.http11.Http11NioProtocol - Initializing ProtocolHandler ["http-nio-8082"]
2025-08-04 15:52:32 INFO  o.a.catalina.core.StandardService - Starting service [Tomcat]
2025-08-04 15:52:32 INFO  o.a.catalina.core.StandardEngine - Starting Servlet engine: [Apache Tomcat/10.1.18]
2025-08-04 15:52:32 INFO  o.a.c.c.C.[Tomcat].[localhost].[/] - Initializing Spring embedded WebApplicationContext
2025-08-04 15:52:32 INFO  o.s.b.w.s.c.ServletWebServerApplicationContext - Root WebApplicationContext: initialization completed in 4385 ms
2025-08-04 15:52:34 INFO  com.zaxxer.hikari.HikariDataSource - HikariPool-1 - Starting...
2025-08-04 15:52:34 INFO  com.zaxxer.hikari.pool.HikariPool - HikariPool-1 - Added connection conn0: url=jdbc:h2:file:~/itemdb user=SA
2025-08-04 15:52:34 INFO  com.zaxxer.hikari.HikariDataSource - HikariPool-1 - Start completed.
2025-08-04 15:52:34 INFO  o.s.b.a.h.H2ConsoleAutoConfiguration - H2 console available at '/h2-console'. Database available at 'jdbc:h2:file:~/itemdb'
2025-08-04 15:52:35 INFO  o.h.jpa.internal.util.LogHelper - HHH000204: Processing PersistenceUnitInfo [name: default]
2025-08-04 15:52:35 INFO  org.hibernate.Version - HHH000412: Hibernate ORM core version 6.2.20.Final
2025-08-04 15:52:35 INFO  org.hibernate.cfg.Environment - HHH000406: Using bytecode reflection optimizer
2025-08-04 15:52:36 INFO  o.s.o.j.p.SpringPersistenceUnitInfo - No LoadTimeWeaver setup: ignoring JPA class transformer
2025-08-04 15:52:36 WARN  org.hibernate.orm.deprecation - HHH90000025: H2Dialect does not need to be specified explicitly using 'hibernate.dialect' (remove the property setting and it will be selected by default)
2025-08-04 15:52:37 INFO  o.h.e.t.j.p.i.JtaPlatformInitiator - HHH000489: No JTA platform available (set 'hibernate.transaction.jta.platform' to enable JTA platform integration)
2025-08-04 15:52:37 INFO  o.s.o.j.LocalContainerEntityManagerFactoryBean - Initialized JPA EntityManagerFactory for persistence unit 'default'
2025-08-04 15:52:38 WARN  o.s.b.a.o.j.JpaBaseConfiguration$JpaWebConfiguration - spring.jpa.open-in-view is enabled by default. Therefore, database queries may be performed during view rendering. Explicitly configure spring.jpa.open-in-view to disable this warning
2025-08-04 15:52:40 INFO  o.s.b.d.a.OptionalLiveReloadServer - LiveReload server is running on port 35729
2025-08-04 15:52:40 INFO  o.s.c.n.e.c.DiscoveryClientOptionalArgsConfiguration - Eureka HTTP Client uses RestTemplate.
2025-08-04 15:52:41 WARN  o.s.c.l.c.LoadBalancerCacheAutoConfiguration$LoadBalancerCaffeineWarnLogger - Spring Cloud LoadBalancer is currently working with the default cache. While this cache implementation is useful for development and tests, it's recommended to use Caffeine cache in production.You can switch to using Caffeine cache, by adding it and org.springframework.cache.caffeine.CaffeineCacheManager to the classpath.
2025-08-04 15:52:41 INFO  o.s.b.a.e.web.EndpointLinksResolver - Exposing 16 endpoint(s) beneath base path '/actuator'
2025-08-04 15:52:41 INFO  o.s.c.n.eureka.InstanceInfoFactory - Setting initial instance status as: STARTING
2025-08-04 15:52:41 INFO  c.netflix.discovery.DiscoveryClient - Initializing Eureka in region us-east-1
2025-08-04 15:52:41 INFO  c.n.d.s.r.aws.ConfigClusterResolver - Resolving eureka endpoints via configuration
2025-08-04 15:52:41 INFO  c.netflix.discovery.DiscoveryClient - Disable delta property : false
2025-08-04 15:52:41 INFO  c.netflix.discovery.DiscoveryClient - Single vip registry refresh property : null
2025-08-04 15:52:41 INFO  c.netflix.discovery.DiscoveryClient - Force full registry fetch : false
2025-08-04 15:52:41 INFO  c.netflix.discovery.DiscoveryClient - Application is null : false
2025-08-04 15:52:41 INFO  c.netflix.discovery.DiscoveryClient - Registered Applications size is zero : true
2025-08-04 15:52:41 INFO  c.netflix.discovery.DiscoveryClient - Application version is -1: true
2025-08-04 15:52:41 INFO  c.netflix.discovery.DiscoveryClient - Getting all instance registry info from the eureka server
2025-08-04 15:52:41 INFO  c.netflix.discovery.DiscoveryClient - The response status is 200
2025-08-04 15:52:41 INFO  c.netflix.discovery.DiscoveryClient - Starting heartbeat executor: renew interval is: 30
2025-08-04 15:52:41 INFO  c.n.discovery.InstanceInfoReplicator - InstanceInfoReplicator onDemand update allowed rate per min is 4
2025-08-04 15:52:41 INFO  c.netflix.discovery.DiscoveryClient - Discovery Client initialized at timestamp 1754340761767 with initial instances count: 2
2025-08-04 15:52:41 INFO  o.s.c.n.e.s.EurekaServiceRegistry - Registering application ITEM-SERVICE with eureka with status UP
2025-08-04 15:52:41 INFO  c.netflix.discovery.DiscoveryClient - Saw local status change event StatusChangeEvent [timestamp=1754340761775, current=UP, previous=STARTING]
2025-08-04 15:52:41 INFO  c.netflix.discovery.DiscoveryClient - DiscoveryClient_ITEM-SERVICE/host.docker.internal:item-service:8082: registering service...
2025-08-04 15:52:41 INFO  o.a.coyote.http11.Http11NioProtocol - Starting ProtocolHandler ["http-nio-8082"]
2025-08-04 15:52:41 INFO  o.s.b.w.e.tomcat.TomcatWebServer - Tomcat started on port(s): 8082 (http) with context path ''
2025-08-04 15:52:41 INFO  o.s.c.n.e.s.EurekaAutoServiceRegistration - Updating port to 8082
2025-08-04 15:52:41 INFO  c.netflix.discovery.DiscoveryClient - DiscoveryClient_ITEM-SERVICE/host.docker.internal:item-service:8082 - registration status: 204
2025-08-04 15:52:42 INFO  c.v.i.service.ItemServiceApplication - Started ItemServiceApplication in 15.519 seconds (process running for 16.355)
2025-08-04 15:53:07 INFO  o.a.c.c.C.[Tomcat].[localhost].[/] - Initializing Spring DispatcherServlet 'dispatcherServlet'
2025-08-04 15:53:07 INFO  o.s.web.servlet.DispatcherServlet - Initializing Servlet 'dispatcherServlet'
2025-08-04 15:53:07 INFO  o.s.web.servlet.DispatcherServlet - Completed initialization in 10 ms
2025-08-04 15:53:08 WARN  z.r.AsyncReporter$BoundedAsyncReporter - Spans were dropped due to exceptions. All subsequent errors will be logged at FINE level.
2025-08-04 15:53:08 WARN  z.r.AsyncReporter$BoundedAsyncReporter - Dropped 1 spans due to ResourceAccessException(I/O error on POST request for "http://localhost:9411/api/v2/spans": Connect to http://localhost:9411 [localhost/127.0.0.1, localhost/0:0:0:0:0:0:0:1] failed: Connection refused: getsockopt)
org.springframework.web.client.ResourceAccessException: I/O error on POST request for "http://localhost:9411/api/v2/spans": Connect to http://localhost:9411 [localhost/127.0.0.1, localhost/0:0:0:0:0:0:0:1] failed: Connection refused: getsockopt
	at org.springframework.web.client.RestTemplate.createResourceAccessException(RestTemplate.java:888)
	at org.springframework.web.client.RestTemplate.doExecute(RestTemplate.java:868)
	at org.springframework.web.client.RestTemplate.execute(RestTemplate.java:764)
	at org.springframework.web.client.RestTemplate.exchange(RestTemplate.java:646)
	at org.springframework.boot.actuate.autoconfigure.tracing.zipkin.ZipkinRestTemplateSender$RestTemplateHttpPostCall.doExecute(ZipkinRestTemplateSender.java:68)
	at org.springframework.boot.actuate.autoconfigure.tracing.zipkin.ZipkinRestTemplateSender$RestTemplateHttpPostCall.doExecute(ZipkinRestTemplateSender.java:48)
	at zipkin2.Call$Base.execute(Call.java:391)
	at zipkin2.reporter.AsyncReporter$BoundedAsyncReporter.flush(AsyncReporter.java:299)
	at zipkin2.reporter.AsyncReporter$Flusher.run(AsyncReporter.java:378)
	at java.base/java.lang.Thread.run(Thread.java:840)
Caused by: org.apache.hc.client5.http.HttpHostConnectException: Connect to http://localhost:9411 [localhost/127.0.0.1, localhost/0:0:0:0:0:0:0:1] failed: Connection refused: getsockopt
	at java.base/sun.nio.ch.Net.pollConnect(Native Method)
	at java.base/sun.nio.ch.Net.pollConnectNow(Net.java:672)
	at java.base/sun.nio.ch.NioSocketImpl.timedFinishConnect(NioSocketImpl.java:547)
	at java.base/sun.nio.ch.NioSocketImpl.connect(NioSocketImpl.java:602)
	at java.base/java.net.SocksSocketImpl.connect(SocksSocketImpl.java:327)
	at java.base/java.net.Socket.connect(Socket.java:633)
	at org.apache.hc.client5.http.socket.PlainConnectionSocketFactory.lambda$connectSocket$0(PlainConnectionSocketFactory.java:91)
	at java.base/java.security.AccessController.doPrivileged(AccessController.java:569)
	at org.apache.hc.client5.http.socket.PlainConnectionSocketFactory.connectSocket(PlainConnectionSocketFactory.java:90)
	at org.apache.hc.client5.http.socket.ConnectionSocketFactory.connectSocket(ConnectionSocketFactory.java:123)
	at org.apache.hc.client5.http.impl.io.DefaultHttpClientConnectionOperator.connect(DefaultHttpClientConnectionOperator.java:184)
	at org.apache.hc.client5.http.impl.io.PoolingHttpClientConnectionManager.connect(PoolingHttpClientConnectionManager.java:447)
	at org.apache.hc.client5.http.impl.classic.InternalExecRuntime.connectEndpoint(InternalExecRuntime.java:162)
	at org.apache.hc.client5.http.impl.classic.InternalExecRuntime.connectEndpoint(InternalExecRuntime.java:172)
	at org.apache.hc.client5.http.impl.classic.ConnectExec.execute(ConnectExec.java:142)
	at org.apache.hc.client5.http.impl.classic.ExecChainElement.execute(ExecChainElement.java:51)
	at org.apache.hc.client5.http.impl.classic.ProtocolExec.execute(ProtocolExec.java:192)
	at org.apache.hc.client5.http.impl.classic.ExecChainElement.execute(ExecChainElement.java:51)
	at org.apache.hc.client5.http.impl.classic.HttpRequestRetryExec.execute(HttpRequestRetryExec.java:96)
	at org.apache.hc.client5.http.impl.classic.ExecChainElement.execute(ExecChainElement.java:51)
	at org.apache.hc.client5.http.impl.classic.ContentCompressionExec.execute(ContentCompressionExec.java:152)
	at org.apache.hc.client5.http.impl.classic.ExecChainElement.execute(ExecChainElement.java:51)
	at org.apache.hc.client5.http.impl.classic.RedirectExec.execute(RedirectExec.java:115)
	at org.apache.hc.client5.http.impl.classic.ExecChainElement.execute(ExecChainElement.java:51)
	at org.apache.hc.client5.http.impl.classic.InternalHttpClient.doExecute(InternalHttpClient.java:170)
	at org.apache.hc.client5.http.impl.classic.CloseableHttpClient.execute(CloseableHttpClient.java:106)
	at org.apache.hc.client5.http.impl.classic.CloseableHttpClient.execute(CloseableHttpClient.java:55)
	at org.springframework.http.client.HttpComponentsClientHttpRequest.executeInternal(HttpComponentsClientHttpRequest.java:93)
	at org.springframework.http.client.AbstractBufferingClientHttpRequest.executeInternal(AbstractBufferingClientHttpRequest.java:48)
	at org.springframework.http.client.AbstractClientHttpRequest.execute(AbstractClientHttpRequest.java:66)
	at org.springframework.web.client.RestTemplate.doExecute(RestTemplate.java:862)
	... 8 common frames omitted
2025-08-04 15:57:41 INFO  c.n.d.s.r.aws.ConfigClusterResolver - Resolving eureka endpoints via configuration
2025-08-04 16:02:41 INFO  c.n.d.s.r.aws.ConfigClusterResolver - Resolving eureka endpoints via configuration
2025-08-04 16:07:41 INFO  c.n.d.s.r.aws.ConfigClusterResolver - Resolving eureka endpoints via configuration
2025-08-04 16:12:42 INFO  c.n.d.s.r.aws.ConfigClusterResolver - Resolving eureka endpoints via configuration
2025-08-04 16:17:43 INFO  c.n.d.s.r.aws.ConfigClusterResolver - Resolving eureka endpoints via configuration
2025-08-04 16:22:43 INFO  c.n.d.s.r.aws.ConfigClusterResolver - Resolving eureka endpoints via configuration
2025-08-04 16:27:44 INFO  c.n.d.s.r.aws.ConfigClusterResolver - Resolving eureka endpoints via configuration
2025-08-04 16:32:44 INFO  c.n.d.s.r.aws.ConfigClusterResolver - Resolving eureka endpoints via configuration
2025-08-04 16:37:44 INFO  c.n.d.s.r.aws.ConfigClusterResolver - Resolving eureka endpoints via configuration
2025-08-04 16:42:44 INFO  c.n.d.s.r.aws.ConfigClusterResolver - Resolving eureka endpoints via configuration
2025-08-04 16:47:44 INFO  c.n.d.s.r.aws.ConfigClusterResolver - Resolving eureka endpoints via configuration
2025-08-04 16:52:44 INFO  c.n.d.s.r.aws.ConfigClusterResolver - Resolving eureka endpoints via configuration
2025-08-04 16:57:44 INFO  c.n.d.s.r.aws.ConfigClusterResolver - Resolving eureka endpoints via configuration
2025-08-04 17:02:44 INFO  c.n.d.s.r.aws.ConfigClusterResolver - Resolving eureka endpoints via configuration
2025-08-04 17:07:44 INFO  c.n.d.s.r.aws.ConfigClusterResolver - Resolving eureka endpoints via configuration
2025-08-04 17:12:44 INFO  c.n.d.s.r.aws.ConfigClusterResolver - Resolving eureka endpoints via configuration
2025-08-04 17:17:44 INFO  c.n.d.s.r.aws.ConfigClusterResolver - Resolving eureka endpoints via configuration
2025-08-04 17:22:45 INFO  c.n.d.s.r.aws.ConfigClusterResolver - Resolving eureka endpoints via configuration
2025-08-04 17:27:45 INFO  c.n.d.s.r.aws.ConfigClusterResolver - Resolving eureka endpoints via configuration
2025-08-04 17:32:45 INFO  c.n.d.s.r.aws.ConfigClusterResolver - Resolving eureka endpoints via configuration
2025-08-04 17:37:45 INFO  c.n.d.s.r.aws.ConfigClusterResolver - Resolving eureka endpoints via configuration
2025-08-04 17:42:45 INFO  c.n.d.s.r.aws.ConfigClusterResolver - Resolving eureka endpoints via configuration
2025-08-04 17:47:45 INFO  c.n.d.s.r.aws.ConfigClusterResolver - Resolving eureka endpoints via configuration
2025-08-04 18:53:02 WARN  com.zaxxer.hikari.pool.HikariPool - HikariPool-1 - Thread starvation or clock leap detected (housekeeper delta=1h1m55s517ms340µs200ns).
